[Licensing::Module] Trying to connect to existing licensing client channel...
Built from '6000.5/staging' branch; Version is '6000.5.9f1 (b57deb96f08d) revision 11894251'; Using compiler version '194234433'; Build Type 'Release'
[Licensing::IpcConnector] Channel LicenseClient-user doesn't exist
OS: 'Windows 11  (10.0.26200) Core' Language: 'it' Physical Memory: 6081 MB
BatchMode: 1, IsHumanControllingUs: 0, StartBugReporterOnCrash: 0, Is64bit: 1
System  architecture: x64
Process architecture: x64
Date: 2026-08-23T11:43:03Z
[Licensing::Module] Successfully launched the LicensingClient (PId: 13940)

COMMAND LINE ARGUMENTS:
D:\Unity\Editors\6000.5.9f1\Editor\Unity.exe
-batchmode
-projectPath
D:\x-racing\UnityProject
-executeMethod
Project0.Unity.Setup.SceneSetup.CreateScene
-quit
-logFile
D:\x-racing\UnityProject\setup.log
Successfully changed project path to: D:\x-racing\UnityProject
D:/x-racing/UnityProject
[UnityMemory] Configuration Parameters - Can be set up in boot.config
    "memorysetup-temp-allocator-size-gi-baking-worker=262144"
    "memorysetup-temp-allocator-size-gi-baking-worker=262144"
    "memorysetup-temp-allocator-size-gi-baking-worker=262144"
    "memorysetup-temp-allocator-size-gi-baking-worker=262144"
    "memorysetup-temp-allocator-size-gi-baking-worker=262144"
    "memorysetup-temp-allocator-size-nav-mesh-worker=65536"
    "memorysetup-temp-allocator-size-audio-worker=65536"
    "memorysetup-temp-allocator-size-cloud-worker=32768"
    "memorysetup-temp-allocator-size-gfx=262144"
    "memorysetup-remapper-allocator-initial-capacity=32768"
    "memorysetup-temp-allocator-size-preload-manager=33554432"
    "memorysetup-allocator-temp-initial-block-size-main=262144"
    "memorysetup-allocator-temp-initial-block-size-worker=262144"
    "memorysetup-temp-allocator-size-job-worker=262144"
    "memorysetup-temp-allocator-size-background-worker=32768"
    "memorysetup-bucket-allocator-granularity=16"
    "memorysetup-bucket-allocator-bucket-count=8"
    "memorysetup-bucket-allocator-block-size=33554432"
    "memorysetup-bucket-allocator-block-count=8"
    "memorysetup-main-allocator-block-size=16777216"
    "memorysetup-thread-allocator-block-size=16777216"
    "memorysetup-main-allocator-mimalloc-enabled=0"
    "memorysetup-gfx-main-allocator-block-size=16777216"
    "memorysetup-gfx-thread-allocator-block-size=16777216"
    "memorysetup-cache-allocator-block-size=4194304"
    "memorysetup-typetree-allocator-block-size=2097152"
    "memorysetup-profiler-bucket-allocator-granularity=16"
    "memorysetup-profiler-bucket-allocator-bucket-count=8"
    "memorysetup-profiler-bucket-allocator-block-size=33554432"
    "memorysetup-profiler-bucket-allocator-block-count=8"
    "memorysetup-profiler-allocator-block-size=16777216"
    "memorysetup-profiler-editor-allocator-block-size=1048576"
    "memorysetup-temp-allocator-size-main=16777216"
    "memorysetup-job-temp-allocator-block-size=2097152"
    "memorysetup-job-temp-allocator-block-size-background=1048576"
    "memorysetup-job-temp-allocator-reduction-small-platforms=262144"
Logging is directed to a specific file, skipping project log.Player connection [1976]  Target information:

Player connection [1976]  * "[IP] 192.168.0.7 [Port] 55504 [Flags] 2 [Guid] 517354533 [EditorId] 517354533 [Version] 1048832 [Id] WindowsEditor(7,LAPTOP-BUT44BRL) [Debug] 1 [PackageName] WindowsEditor [ProjectName] Editor" 

Player connection [1976] Host joined multi-casting on [225.0.0.222:54997]...
Player connection [1976] Host joined alternative multi-casting on [225.0.0.222:34997]...
Input System module state changed to: Initialized.
[Physics::Module] Initialized fallback backend.
[Physics::Module] Id: 0xdecafbad
[Package Manager] Connected to IPC stream "Upm-16752" after 7.2 seconds.
[Licensing::Module] Licensing is not yet initialized.
Starting IPC server.
Waiting for clients to connect on \\.\pipe\Unity-LicenseClient-user, press Ctrl-C to exit.
[Licensing::IpcConnector] Successfully connected to: "LicenseClient-user" at "2026-08-23T11:43:25.7723335Z"
[Licensing::Client] Code 10 while verifying Licensing Client signature (process Id: 13940, path: "D:/Unity/Editors/6000.5.9f1/Editor/Data/Resources/Licensing/Client/Unity.Licensing.Client.exe")
[Licensing::Module] LicensingClient has failed validation; ignoring
[Licensing::Client] Handshaking with LicensingClient:
  Version:                 1.18.3+d7ffd15
  Session Id:              039032601cc944c9a326cfd24f5cd64d
  Correlation Id:          edf4088a570920dcaac5243ab06e935c
  External correlation Id: 6901946530613945992
  Machine Id:              aq+QbULQ5fX0tN8RQmXK0mI31T0=
[Licensing::Module] Successfully connected to LicensingClient on channel: "LicenseClient-user" (connect: 22.17s, validation: 0.64s, handshake: 0.27s)
[Licensing::IpcConnector] Successfully connected to: "LicenseClient-user-notifications" at "2026-08-23T11:43:26.6847651Z"
[Licensing::Module] Connected to LicensingClient (PId: 13940, launch time: 0.13, total connection time: 23.09s)
[Licensing::Module] Error: Access token is unavailable; failed to update
[Licensing::Client] Successfully resolved entitlement details
[Licensing::Module] License group:
  Id: 6872877571777-UnityPersXXXX
  Product: Unity Personal
  Type: Assigned
  Expiration: Unlimited
[Licensing::Client] Successfully updated license, isAsync: True, time: 0.05
[Licensing::Client] Successfully resolved entitlement details
[Licensing::Module] Licensing Background thread has ended after 23.47s
[Licensing::Module] Licensing is initialized (took 6.78s).
[Licensing::Client] Successfully resolved entitlement details
Library Redirect Path: Library/
Rebuilding Library because the asset database could not be found!
[Physics::Module] Selected backend.
[Physics::Module] Name: PhysX
[Physics::Module] Id: 0xf2b8ea05
[Physics::Module] SDK Version: 4.1.2
[Physics::Module] Integration Version: 1.0.0
[Physics::Module] Threading Mode: Multi-Threaded
Initialize engine version: 6000.5.9f1 (b57deb96f08d)
[Subsystems] Discovering subsystems at path D:/Unity/Editors/6000.5.9f1/Editor/Data/Resources/UnitySubsystems
[Subsystems] Discovering subsystems at path D:/x-racing/UnityProject/Assets
GfxDevice: creating device client; kGfxThreadingModeNonThreaded
d3d12: failed to query info queue interface (0x80004002).
Direct3D:
    Version:         Direct3D 12 [level 12.1]
    Renderer:        AMD Radeon(TM) Vega 8 Graphics (ID=0x15d8)
    Vendor:          ATI
    VRAM:            3040 MB
    App VRAM Budget: 4566 MB
    Driver:          31.0.21925.1001
    Unified Memory Architecture
Initialize mono
Mono path[0] = 'D:/Unity/Editors/6000.5.9f1/Editor/Data/Managed'
Mono path[1] = 'D:/Unity/Editors/6000.5.9f1/Editor/Data/BCLExtensions/runtime/netstandard2.1'
Mono path[2] = 'D:/Unity/Editors/6000.5.9f1/Editor/Data/MonoBleedingEdge/lib/mono/unityjit-win32'
Mono config path = 'D:/Unity/Editors/6000.5.9f1/Editor/Data/MonoBleedingEdge/etc'
Using monoOptions --debugger-agent=transport=dt_socket,embedding=1,server=y,suspend=n,address=127.0.0.1:56752
CodeReloadManager initialized
ImportWorker Server TCP listen port: 0
AcceleratorClientConnectionCallback - disconnected - :0
Begin MonoManager ReloadAssembly
Registering precompiled unity dll's ...
Register platform support module: D:/Unity/Editors/6000.5.9f1/Editor/Data/PlaybackEngines/WindowsStandaloneSupport/UnityEditor.WindowsStandalone.Extensions.dll
Registered in 0.078227 seconds.
Native extension for WindowsStandalone target not found
Package Manager log level set to [2]
ScheduleIndexationOnStartup MainProcess:False IndexOnStartup:False
Mono: successfully reloaded assembly
- Finished resetting the current domain, in  8.181 seconds
Domain Reload Profiling: 12285ms
	BeginReloadAssembly (1462ms)
		CreateAndSetChildDomain (117ms)
	RebuildCommonClasses (37ms)
	RebuildNativeTypeToScriptingClass (148ms)
	initialDomainReloadingComplete (930ms)
	LoadAllAssembliesAndSetupDomain (1511ms)
		LoadAssemblies (1234ms)
		AnalyzeDomain (1046ms)
			TypeCache.Refresh (1042ms)
				TypeCache.ScanAssembly (920ms)
	FinalizeReload (8197ms)
		SetupLoadedEditorAssemblies (0ms)
			InitializePlatformSupportModulesInManaged (7ms)
			BeforeProcessingInitializeOnLoad (448ms)
			ProcessInitializeOnLoadAttributes (572ms)
			ProcessInitializeOnLoadMethodAttributes (6534ms)
			EditorAssembliesLoaded (12ms)
[Licensing::Client] Successfully resolved entitlement details
Application.AssetDatabase Initial Refresh Start
